{"format_version":"1.21.0","minecraft:item":{"description":{"identifier":"aga_wood_variants:golden_mangrove_axe","menu_category":{"category":"equipment","group":"itemGroup.name.axe"}},"components":{"minecraft:repairable":{"repair_items":[{"items":["minecraft:gold_ingot"],"repair_amount":8},{"items":["aga_wood_variants:golden_mangrove_axe"],"repair_amount":"math.min(q.remaining_durability+c.other->q.remaining_durability+math.floor(q.max_durability/20),c.other->q.max_durability)"}]},"minecraft:max_stack_size":1,"minecraft:hand_equipped":true,"minecraft:durability":{"max_durability":31},"minecraft:damage":{"value":3},"minecraft:enchantable":{"value":22,"slot":"axe"},"minecraft:icon":"golden_mangrove_axe","minecraft:tags":{"tags":["minecraft:digger","minecraft:is_axe","minecraft:is_tool","aga:durability","minecraft:golden_tier"]},"minecraft:digger":{"use_efficiency":true,"destroy_speeds":[{"block":{"tags":"q.any_tag('wood','pumpkin','plant','log','destroy:axe','minecraft:is_hatchet_item_destructible','minecraft:is_tool_item_destructible','minecraft:is_digger_item_destructible')"},"speed":12}]}}}}