{
  "format_version": "1.12",
  "minecraft:recipe_shaped": {
    "description": {
      "identifier": "golden_oak_axe"
    },
    "tags": [
      "crafting_table",
      "aga"
    ],
    "pattern": [
      "PP",
      "SP",
      "S"
    ],
    "key": {
      "S": {
        "item": "aga_wood_variants:oak_stick"
      },
      "P": {
        "item": "minecraft:gold_ingot"
      }
    },
    "result": {
      "item": "aga_wood_variants:golden_oak_axe"
    }
  }
}