{"format_version":"1.21.0","minecraft:item":{"description":{"identifier":"aga_wood_variants:golden_warped_sword","menu_category":{"category":"equipment","group":"itemGroup.name.sword"}},"components":{"minecraft:max_stack_size":1,"minecraft:hand_equipped":true,"minecraft:durability":{"max_durability":31},"minecraft:damage":{"value":4},"minecraft:enchantable":{"value":25,"slot":"sword"},"minecraft:can_destroy_in_creative":false,"minecraft:digger":{"use_efficiency":false,"destroy_speeds":[{"block":{"tags":"q.any_tag('destroy:sword','minecraft:is_sword_item_destructible','minecraft:is_tool_item_destructible','minecraft:is_digger_item_destructible')"},"speed":12},{"block":"minecraft:web","speed":12},{"block":"minecraft:bamboo","speed":12}]},"minecraft:icon":"golden_warped_sword","minecraft:tags":{"tags":["minecraft:is_tool","minecraft:is_sword","aga:durability","minecraft:golden_tier"]}}}}