{
  "format_version": "1.12",
  "minecraft:recipe_shaped": {
    "description": {
      "identifier": "golden_jungle_pickaxe"
    },
    "tags": [
      "crafting_table",
      "aga"
    ],
    "pattern": [
      "PPP",
      " S ",
      " S "
    ],
    "key": {
      "S": {
        "item": "aga_wood_variants:jungle_stick"
      },
      "P": {
        "item": "minecraft:gold_ingot"
      }
    },
    "result": {
      "item": "aga_wood_variants:golden_jungle_pickaxe"
    }
  }
}