{"format_version":"1.21.0","minecraft:item":{"description":{"identifier":"aga_wood_variants:golden_mangrove_shovel","menu_category":{"category":"equipment","group":"itemGroup.name.shovel"}},"components":{"minecraft:max_stack_size":1,"minecraft:hand_equipped":true,"minecraft:durability":{"max_durability":31},"minecraft:damage":{"value":1},"minecraft:enchantable":{"value":10,"slot":"shovel"},"minecraft:digger":{"use_efficiency":true,"destroy_speeds":[{"block":{"tags":"q.any_tag('dirt','sand','gravel','grass','snow','destroy:shovel','minecraft:is_shovel_item_destructible','minecraft:is_tool_item_destructible','minecraft:is_digger_item_destructible')"},"speed":12},{"block":"minecraft:soul_sand","speed":12},{"block":"minecraft:soul_soil","speed":12}]},"minecraft:tags":{"tags":["minecraft:digger","minecraft:is_tool","minecraft:is_shovel","aga:durability","minecraft:golden_tier"]},"minecraft:icon":"golden_mangrove_shovel"}}}